populated 67108864 keys (val == low key slice)
prefilled 1048576 uniform-random request keys in [1, 67108864]
launch-mode baseline done
persistent v2: 1320 blocks (8 dispatchers + 1312 serving, 10496 tiles), 32 slots/block, window<=64
v2 FIND validate (offset 0):    4096/4096 correct
v2 FIND validate (offset wrap): 4096/4096 correct
v2 INSERT+FIND validate:        1024/1024 correct
v2 pipelined validate:          512/512 correct
protocol floor (count=0 sync rendezvous): 6.17 us
protocol floor (count=0 pipelined, W=64): 0.24 us/batch

pipelined NOOP cadence (no probes):
  B=64           0.26 us/batch     4.077 ns/op
  B=256          0.30 us/batch     1.189 ns/op
  B=512          0.38 us/batch     0.734 ns/op
  B=768          0.40 us/batch     0.523 ns/op
  B=1024         0.46 us/batch     0.449 ns/op
  B=2048         0.88 us/batch     0.428 ns/op
  B=4096         1.66 us/batch     0.405 ns/op
  B=8192         3.14 us/batch     0.383 ns/op
  B=16384        4.02 us/batch     0.245 ns/op
  B=32768        4.35 us/batch     0.133 ns/op
  B=65536        5.63 us/batch     0.086 ns/op
  B=131072       7.81 us/batch     0.060 ns/op
  B=262144      12.89 us/batch     0.049 ns/op
  B=1048576     49.09 us/batch     0.047 ns/op

uniform-random FIND against 67108864-key table [measured GH200]
B         launch(us)   sync(us)    sync ns/op   pipe ns/op    pipe Mop/s     vs Grace64T(0.842) [pipe]
64        44.96        9.92        155.015      4.275         233.9          
256       42.41        10.19       39.795       1.361         734.6          
512       39.89        10.29       20.095       0.847         1180.3         
768       42.55        10.33       13.453       0.801         1247.7         BEATS-64T
1024      44.84        10.40       10.154       0.786         1272.5         BEATS-64T
2048      47.40        12.33       6.018        0.758         1320.0         BEATS-64T
4096      49.14        14.43       3.523        0.746         1341.0         BEATS-64T
8192      49.35        18.73       2.286        0.729         1372.3         BEATS-64T
16384     49.94        21.26       1.297        0.652         1533.1         BEATS-64T
32768     50.34        28.57       0.872        0.513         1950.4         BEATS-64T
65536     50.43        39.00       0.595        0.388         2579.4         BEATS-64T
131072    56.01        60.15       0.459        0.337         2964.9         BEATS-64T
262144    100.11       103.61      0.395        0.320         3120.7         BEATS-64T
1048576   287.20       335.51      0.320        0.305         3282.8         BEATS-64T

[measured end-to-end] crossovers:
  sync vs 1T Grace (23.3 ns/op):        B = 512
  sync vs 64T Grace (0.842 ns/op):      B = 65536
  pipelined(W=64) vs 64T Grace (0.842):  B = 768

timed = doorbell + probes + completion; payload prewritten (symmetric
with the CPU baseline). sync = one batch in flight (latency); pipe =
up to 64 batches in flight on disjoint block sets (peak serving).
