populated 67108864 keys (val == low key slice)
prefilled 1048576 uniform-random request keys in [1, 67108864]
launch-mode baseline done
persistent v2: 1320 blocks (8 dispatchers + 1312 serving, 10496 tiles), 32 slots/block, window<=64
v2 FIND validate (offset 0):    4096/4096 correct
v2 FIND validate (offset wrap): 4096/4096 correct
v2 INSERT+FIND validate:        1024/1024 correct
v2 pipelined validate:          512/512 correct
protocol floor (count=0 sync rendezvous): 27.20 us
protocol floor (count=0 pipelined, W=64): 3.74 us/batch

pipelined NOOP cadence (no probes):
  B=64           0.26 us/batch     4.086 ns/op
  B=256          1.53 us/batch     5.992 ns/op
  B=512          2.36 us/batch     4.617 ns/op
  B=768          0.41 us/batch     0.529 ns/op
  B=1024         3.98 us/batch     3.888 ns/op
  B=2048         4.36 us/batch     2.130 ns/op
  B=4096         4.86 us/batch     1.187 ns/op
  B=8192        12.10 us/batch     1.477 ns/op
  B=16384        4.09 us/batch     0.250 ns/op
  B=32768       24.05 us/batch     0.734 ns/op
  B=65536       18.06 us/batch     0.276 ns/op
  B=131072      27.53 us/batch     0.210 ns/op
  B=262144      31.35 us/batch     0.120 ns/op
  B=1048576    123.29 us/batch     0.118 ns/op

uniform-random FIND against 67108864-key table [measured GH200]
B         launch(us)   sync(us)    sync ns/op   pipe ns/op    pipe Mop/s     vs Grace64T(0.842) [pipe]
64        119.98       37.20       581.281      58.996        17.0           
256       112.45       54.08       211.242      1.434         697.5          
512       107.58       45.45       88.764       0.848         1179.2         
768       107.96       37.10       48.309       5.022         199.1          
1024      108.21       46.34       45.254       2.738         365.2          
2048      109.29       56.22       27.451       4.139         241.6          
4096      110.06       76.84       18.761       2.430         411.5          
8192      110.00       89.89       10.973       2.796         357.6          
16384     152.05       129.30      7.892        2.688         372.1          
32768     143.33       98.84       3.016        1.720         581.4          
65536     171.96       39.72       0.606        1.202         832.0          
131072    95.69        410.32      3.131        1.171         854.1          
262144    147.12       423.34      1.615        0.792         1262.1         BEATS-64T
1048576   800.06       1249.57     1.192        0.763         1310.7         BEATS-64T

[measured end-to-end] crossovers:
  sync vs 1T Grace (23.3 ns/op):        B = 4096
  sync vs 64T Grace (0.842 ns/op):      B = 65536
  pipelined(W=64) vs 64T Grace (0.842):  B = 262144

timed = doorbell + probes + completion; payload prewritten (symmetric
with the CPU baseline). sync = one batch in flight (latency); pipe =
up to 64 batches in flight on disjoint block sets (peak serving).
